// Jest Snapshot v1, https://goo.gl/fbAQLP

exports[`App should match snapshot 1`] = `
<div
  className="sc-bxivhb bIyjDb"
>
  <div
    className="view-tabs sc-ifAKCX jNkFji"
  >
    <div
      className="sc-EHOje hjAYvn"
      onClick={[Function]}
    >
      All
    </div>
    <div
      className="sc-EHOje cTMgFb"
      onClick={[Function]}
    >
      Favorites
    </div>
  </div>
  <div>
    Loading...
  </div>
</div>
`;
